[4, Bookkeeper] => Book
[5, Bookkeeper] => Bookk
[10, Bookkeeper] => Bookkeeper
[4, applesauce] => appl
[5, applesauce] => apple
[10, applesauce] => applesauce