[0] = Application Sample says: hello world
[1] = Application Sample says warning
